// Jest Snapshot v1, https://goo.gl/fbAQLP

exports[`matches snapshot 1`] = `
<DocumentFragment>
  <nav
    class="Navigation navbar navbar-expand-md"
  >
    <div
      class="container-fluid"
    >
      <a
        class="navbar-brand link-dark"
        href="/"
      >
        Volunteer Connection
      </a>
      <div
        class="justify-content-end"
      >
        <ul
          class="navbar-nav ml-auto justify-content-end"
        >
          <li
            class="nav-item mr-4"
          >
            <a
              class="nav-link"
              href="/companies"
            >
              Companies
            </a>
          </li>
          <li
            class="nav-item mr-4"
          >
            <a
              class="nav-link"
              href="/user-connections"
            >
              Connections
            </a>
          </li>
          <li
            class="nav-item mr-4"
          >
            <a
              class="nav-link"
              href="/profile-user"
            >
              Profile
            </a>
          </li>
          <li
            class="nav-item mr-4"
          >
            <a
              aria-current="page"
              class="nav-link active"
              href="/"
            >
              Logout
            </a>
          </li>
        </ul>
      </div>
    </div>
  </nav>
</DocumentFragment>
`;
